// Jest Snapshot v1, https://goo.gl/fbAQLP

exports[`Registration component renders correctly 1`] = `
<main
  className="pt-4 pt-md-5 min-vh-100 container"
>
  <div
    className="row py-5"
  >
    <div
      className="col-10 col-md-6 col-lg-4 offset-1 offset-md-3 offset-lg-4 py-4 px-3 border"
    >
      <h1
        className="h5 text-center"
      >
        Credential Management
      </h1>
      <h2
        className="mb-5 h5 text-center"
      >
        Registration
      </h2>
      <form
        className="form"
        onSubmit={[Function]}
      >
        <div
          className="mb-3"
        >
          <label
            htmlFor="registration-name"
          >
            Fullname
          </label>
          <input
            className="form-control"
            id="registration-name"
            name="name"
            onChange={[Function]}
            required={true}
            type="text"
          />
        </div>
        <div
          className="mb-3"
        >
          <label
            htmlFor="registration-email"
          >
            Email
          </label>
          <input
            className="form-control"
            id="registration-email"
            name="email"
            onChange={[Function]}
            required={true}
            type="text"
          />
        </div>
        <div>
          <label
            htmlFor="registration-username"
          >
            Username
          </label>
          <input
            className="form-control"
            id="registration-username"
            name="username"
            onChange={[Function]}
            required={true}
            type="text"
          />
        </div>
        <div
          className="my-3"
        >
          <label
            htmlFor="registration-password"
          >
            Password
          </label>
          <input
            autoComplete="off"
            className="form-control"
            id="registration-password"
            name="password"
            onChange={[Function]}
            required={true}
            type="password"
            value=""
          />
        </div>
        <div>
          <label
            htmlFor="registration-confirmed-password"
          >
            Confirm password
          </label>
          <input
            autoComplete="off"
            className="form-control"
            id="registration-confirmed-password"
            name="confirmedPassword"
            onChange={[Function]}
            required={true}
            type="password"
            value=""
          />
        </div>
        <button
          className="mt-3 btn btn-outline-secondary w-100"
          type="submit"
        >
          Submit
        </button>
      </form>
    </div>
  </div>
</main>
`;
